C6 IP acceptance started=2026-09-13T12:24:44.402327+08:00 port=COM3 dns_host=api.xiaomimimo.com
NuESP-ROM:esp32p4-eco7-20260109
Build:Jan  9 2026
rst:0x17 (CHIP_USB_UART_RESET),boot:0xc (SPI_FAST_FLASH_BOOT)
SPI mode:DIO, clock div:1
load:0x30100000,len:0x68
load:0x4ff40000,len:0x548c
load:0x4ff45500,len:0x12ec
SHA-256 comparison failed:
Calculated: fc1c688ea65df7734b005762c6bae3b915071062f6a7916c80f9c71b273070bb
Expected: 00000000f0770000000000000000000000000000000000000000000000000000
Attempting to boot anyway...
entry 0x4ff45146
*** Booting NuttX ***
tcm: lma 0x00002020 vma 0x30100000 len 0x68     (104)
dram: lma 0x00002090 vma 0x4ff40000 len 0x548c   (21644)
dram: lma 0x00007524 vma 0x4ff45500 len 0x12ec   (4844)
padd: lma 0x00008828 vma 0x00000000 len 0x77f0   (30704)
imap: lma 0x00010020 vma 0x40060020 len 0x2e8d34 (3050804)
padd: lma 0x002f8d5c vma 0x00000000 len 0x729c   (29340)
imap: lma 0x00300000 vma 0x40000000 len 0x5d684  (382596)
total segments stored 7

NuttShell (NSH) NuttX-13.0.0
nsh> [K
nsh> [K
===== COMMAND: c6_wifi connect (interactive) =====
c6_wifi connect
6 SDIO: reset and host initialization
SDMMC: LDO_VO4 3300mV enabled
SDMMC: L2_CACHE_CTRL=0x00000000
ESP32-C6 SDIO: probing function 0
ESP32-C6 SDIO CIS PASS: CCCR=0x32 vendor=0x0092 device=0x6666
ESP32-C6 SDIO DMA PASS: CMD53 scratch0=0x00000000
ESP32-C6 Hosted PASS: init event len=12 frame=26 bytes
Wi-Fi SSID: ziroom602
Wi-Fi password (hidden): 
ESP32-C6 RPC event: id=769 uid=0
ESP32-C6 RPC event: id=773 uid=0
ESP32-C6 Wi-Fi event: id=773
ESP32-C6 Wi-Fi event: id=773
ESP32-C6 netdev PASS: eth0 MAC=10:bd:a3:8b:04:a4
ESP32-C6 Wi-Fi connected: SSID=ziroom602 netdev=eth0
nsh>
===== COMMAND: ifup eth0 =====
 [Kifup eth0
ifup eth0...OK
nsh> [K
===== COMMAND: ifconfig eth0 dhcp =====
ifconfig eth0 dhcp
nsh> [K
===== COMMAND: ifconfig =====
ifconfig
eth0	Link encap:Ethernet HWaddr 10:bd:a3:8b:04:a4 at RUNNING mtu 1500
	inet addr:192.168.199.224 DRaddr:192.168.199.1 Mask:255.255.255.0

             IPv4   TCP   UDP  ICMP
Received     0002  0000  0002  0000
Dropped      0000  0000  0000  0000
  IPv4        VHL: 0000   Frg: 0000
  Checksum   0000  0000  0000  0000
  TCP         ACK: 0000   SYN: 0000
              RST: 0000  0000
              HDR: 0000
  Type       0000  ----  ----  0000
Sent         0002  0000  0002  0000
  Rexmit     ----  0000  ----  ----
nsh>
===== COMMAND: nslookup api.xiaomimimo.com =====
 [Knslookup api.xiaomimimo.com
Host: api.xiaomimimo.com Addr: 220.181.104.191
nsh>
===== COMMAND: ping -c 3 1.1.1.1 =====
 [Kping -c 3 1.1.1.1
PING 1.1.1.1 56 bytes of data
56 bytes from 1.1.1.1: icmp_seq=0 time=140.0 ms
56 bytes from 1.1.1.1: icmp_seq=1 time=150.0 ms
56 bytes from 1.1.1.1: icmp_seq=2 time=160.0 ms
3 packets transmitted, 3 received, 0% packet loss, time 3030 ms
rtt min/avg/max/mdev = 140.000/150.000/160.000/8.164 ms
nsh> 
===== COMMAND: c6_wifi tcp api.xiaomimimo.com 443 =====
[Kc6_wifi tcp api.xiaomimimo.com 443
TCP connect PASS: host=api.xiaomimimo.com port=443
nsh> [