C6 MiMo device acceptance started=2026-09-13T14:04:22.104735+08:00 port=COM3 endpoint=https://api.xiaomimimo.com/v1/chat/completions model=mimo-v2.5
utESP-ROM:esp32p4-eco7-20260109
Build:Jan  9 2026
rst:0x17 (CHIP_USB_UART_RESET),boot:0xc (SPI_FAST_FLASH_BOOT)
SPI mode:DIO, clock div:1
load:0x30100000,len:0x68
load:0x4ff40000,len:0x548c
load:0x4ff45500,len:0x13d0
SHA-256 comparison failed:
Calculated: c2c82b43c83841b8c27544bbd7a9a5037f6500590b9c96caf786a4f0ba1d188a
Expected: 0000000010770000000000000000000000000000000000000000000000000000
Attempting to boot anyway...
entry 0x4ff45146
*** Booting NuttX ***
tcm: lma 0x00002020 vma 0x30100000 len 0x68     (104)
dram: lma 0x00002090 vma 0x4ff40000 len 0x548c   (21644)
dram: lma 0x00007524 vma 0x4ff45500 len 0x13d0   (5072)
padd: lma 0x00008908 vma 0x00000000 len 0x7710   (30480)
imap: lma 0x00010020 vma 0x40090020 len 0x2f0ff8 (3084280)
padd: lma 0x00301020 vma 0x00000000 len 0xefd8   (61400)
imap: lma 0x00310000 vma 0x40000000 len 0x83c54  (539732)
total segments stored 7

NuttShell (NSH) NuttX-13.0.0
nsh> [K
nsh> [K
===== COMMAND: c6_wifi connect (interactive) =====
c6_wifi connect
O: reset and host initialization
SDMMC: LDO_VO4 3300mV enabled
SDMMC: L2_CACHE_CTRL=0x00000000
ESP32-C6 SDIO: probing function 0
ESP32-C6 SDIO CIS PASS: CCCR=0x32 vendor=0x0092 device=0x6666
ESP32-C6 SDIO DMA PASS: CMD53 scratch0=0x00000000
ESP32-C6 Hosted PASS: init event len=12 frame=26 bytes
Wi-Fi SSID: ziroom602
Wi-Fi password (hidden): 
ESP32-C6 RPC event: id=769 uid=0
ESP32-C6 RPC event: id=773 uid=0
ESP32-C6 Wi-Fi event: id=773
ESP32-C6 Wi-Fi event: id=773
ESP32-C6 netdev PASS: eth0 MAC=10:bd:a3:8b:04:a4
ESP32-C6 Wi-Fi connected: SSID=ziroom602 netdev=eth0
nsh>
===== COMMAND: ifup eth0 =====
 [Kifup eth0
ifup eth0...OK
nsh>
===== COMMAND: ifconfig eth0 dhcp =====
 [Kifconfig eth0 dhcp
nsh>
===== COMMAND: c6_wifi tls invalid.example =====
 [Kc6_wifi tls invalid.example
NTP time PASS: epoch=1789279469 wait_seconds=2
TLS handshake FAIL: verify_host=invalid.example error=-0x7780
nsh>
===== COMMAND: c6_wifi tls =====
 [Kc6_wifi tls
NTP time ready: epoch=1789279469
TLS verify PASS: host=api.xiaomimimo.com version=TLSv1.2 cipher=TLS-ECDHE-RSA-WITH-CHACHA20-POLY1305-SHA256
nsh> [K
===== COMMAND: c6_wifi mimo (interactive key) =====
c6_wifi mimo
NTP time ready: epoch=1789279469
MiMo API key (hidden): 
MiMo device attempt=1/3 model=mimo-v2.5
TLS verify PASS: host=api.xiaomimimo.com version=TLSv1.2 cipher=TLS-ECDHE-RSA-WITH-CHACHA20-POLY1305-SHA256
MiMo HTTP status=200 response_bytes=602
MiMo device PASS: status=200 latency_ms=2130 reasoning_chars=122 id=7f28b6ad-0506-4424-931b-72f892e2a657_4faa6f57108c4c18baa57d6971446ad2
MiMo response: VelaFit MiMo device cloud OK
nsh>